

================================================================
== Synthesis Summary Report of 'lzw'
================================================================
+ General Information: 
    * Date:           Thu Nov 13 19:50:02 2025
    * Version:        2020.2 (Build 3064766 on Wed Nov 18 09:12:47 MST 2020)
    * Project:        ESE5320_FinalProject
    * Solution:       solution1 (Vitis Kernel Flow Target)
    * Product family: zynquplus
    * Target device:  xczu3eg-sbva484-1-i
    

+ Performance & Resource Estimates: 
    
    PS: '+' for module; 'o' for loop; '*' for dataflow
    +----------------------+--------+-------+---------+-----------+----------+---------+------+----------+-----------+----+-------------+--------------+-----+
    |        Modules       |  Issue |       | Latency |  Latency  | Iteration|         | Trip |          |           |    |             |              |     |
    |        & Loops       |  Type  | Slack | (cycles)|    (ns)   |  Latency | Interval| Count| Pipelined|   BRAM    | DSP|      FF     |      LUT     | URAM|
    +----------------------+--------+-------+---------+-----------+----------+---------+------+----------+-----------+----+-------------+--------------+-----+
    |+ lzw                 |  Timing|   1.10|        -|          -|         -|        -|     -|        no|  190 (43%)|   -|  21730 (15%)|  72133 (102%)|    -|
    | o VITIS_LOOP_95_1    |       -|  -4.87|      256|  1.707e+03|         1|        1|   256|       yes|          -|   -|            -|             -|    -|
    | o VITIS_LOOP_108_2   |       -|  -4.87|        -|          -|         -|        -|     -|        no|          -|   -|            -|             -|    -|
    |  o VITIS_LOOP_113_3  |      II|  -4.87|        -|          -|         3|        3|     -|       yes|          -|   -|            -|             -|    -|
    | o Loop 3             |       -|  -4.87|      128|    853.376|         2|        1|   128|       yes|          -|   -|            -|             -|    -|
    | o VITIS_LOOP_153_4   |       -|  -4.87|        -|          -|      1835|        -|     -|        no|          -|   -|            -|             -|    -|
    +----------------------+--------+-------+---------+-----------+----------+---------+------+----------+-----------+----+-------------+--------------+-----+

