

================================================================
== Vitis HLS Report for 'lzw'
================================================================
* Date:           Thu Nov 13 19:50:00 2025

* Version:        2020.2 (Build 3064766 on Wed Nov 18 09:12:47 MST 2020)
* Project:        ESE5320_FinalProject
* Solution:       solution1 (Vitis Kernel Flow Target)
* Product family: zynquplus
* Target device:  xczu3eg-sbva484-1-i


================================================================
== Performance Estimates
================================================================
+ Timing: 
    * Summary: 
    +--------+---------+----------+------------+
    |  Clock |  Target | Estimated| Uncertainty|
    +--------+---------+----------+------------+
    |ap_clk  |  6.67 ns|  5.963 ns|     1.80 ns|
    +--------+---------+----------+------------+

+ Latency: 
    * Summary: 
    +---------+---------+----------+----------+-----+-----+---------+
    |  Latency (cycles) |  Latency (absolute) |  Interval | Pipeline|
    |   min   |   max   |    min   |    max   | min | max |   Type  |
    +---------+---------+----------+----------+-----+-----+---------+
    |        ?|        ?|         ?|         ?|    ?|    ?|     none|
    +---------+---------+----------+----------+-----+-----+---------+

    + Detail: 
        * Instance: 
        N/A

        * Loop: 
        +---------------------+---------+---------+-----------+-----------+-----------+-------+----------+
        |                     |  Latency (cycles) | Iteration |  Initiation Interval  |  Trip |          |
        |      Loop Name      |   min   |   max   |  Latency  |  achieved |   target  | Count | Pipelined|
        +---------------------+---------+---------+-----------+-----------+-----------+-------+----------+
        |- VITIS_LOOP_95_1    |      256|      256|          1|          1|          1|    256|       yes|
        |- VITIS_LOOP_108_2   |        ?|        ?|          ?|          -|          -|      ?|        no|
        | + VITIS_LOOP_113_3  |        ?|        ?|          3|          3|          1|      ?|       yes|
        |- Loop 3             |      128|      128|          2|          1|          1|    128|       yes|
        |- VITIS_LOOP_153_4   |       15|        ?|  15 ~ 1835|          -|          -|  1 ~ ?|        no|
        +---------------------+---------+---------+-----------+-----------+-----------+-------+----------+



================================================================
== Utilization Estimates
================================================================
* Summary: 
+-----------------+---------+-----+--------+-------+-----+
|       Name      | BRAM_18K| DSP |   FF   |  LUT  | URAM|
+-----------------+---------+-----+--------+-------+-----+
|DSP              |        -|    -|       -|      -|    -|
|Expression       |        -|    -|       0|  66773|    -|
|FIFO             |        -|    -|       -|      -|    -|
|Instance         |       30|    -|    1699|   2073|    -|
|Memory           |      160|    -|       0|      0|    -|
|Multiplexer      |        -|    -|       -|   3287|    -|
|Register         |        -|    -|   20031|      -|    -|
+-----------------+---------+-----+--------+-------+-----+
|Total            |      190|    0|   21730|  72133|    0|
+-----------------+---------+-----+--------+-------+-----+
|Available        |      432|  360|  141120|  70560|    0|
+-----------------+---------+-----+--------+-------+-----+
|Utilization (%)  |       43|    0|      15|    102|    0|
+-----------------+---------+-----+--------+-------+-----+

+ Detail: 
    * Instance: 
    +-----------------+---------------+---------+----+------+------+-----+
    |     Instance    |     Module    | BRAM_18K| DSP|  FF  |  LUT | URAM|
    +-----------------+---------------+---------+----+------+------+-----+
    |control_s_axi_U  |control_s_axi  |        0|   0|   284|   488|    0|
    |gmem_m_axi_U     |gmem_m_axi     |       30|   0|  1415|  1585|    0|
    +-----------------+---------------+---------+----+------+------+-----+
    |Total            |               |       30|   0|  1699|  2073|    0|
    +-----------------+---------------+---------+----+------+------+-----+

    * DSP: 
    N/A

    * Memory: 
    +---------------------+-------------------+---------+---+----+-----+-------+-----+------+-------------+
    |        Memory       |       Module      | BRAM_18K| FF| LUT| URAM| Words | Bits| Banks| W*Bits*Banks|
    +---------------------+-------------------+---------+---+----+-----+-------+-----+------+-------------+
    |codes_U              |codes              |       12|  0|   0|    0|  16384|   13|     1|       212992|
    |dictionary_byte_U    |dictionary_byte    |       32|  0|   0|    0|  65536|    8|     1|       524288|
    |dictionary_prefix_U  |dictionary_prefix  |      116|  0|   0|    0|  65536|   32|     1|      2097152|
    +---------------------+-------------------+---------+---+----+-----+-------+-----+------+-------------+
    |Total                |                   |      160|  0|   0|    0| 147456|   53|     3|      2834432|
    +---------------------+-------------------+---------+---+----+-----+-------+-----+------+-------------+

    * FIFO: 
    N/A

    * Expression: 
    +---------------------------------------+----------+----+---+------+------------+------------+
    |             Variable Name             | Operation| DSP| FF|  LUT | Bitwidth P0| Bitwidth P1|
    +---------------------------------------+----------+----+---+------+------------+------------+
    |add_ln108_fu_862_p2                    |         +|   0|  0|    40|          33|           2|
    |add_ln109_1_fu_875_p2                  |         +|   0|  0|    71|          64|           1|
    |add_ln109_2_fu_911_p2                  |         +|   0|  0|    13|           6|           6|
    |add_ln109_3_fu_905_p2                  |         +|   0|  0|    13|           6|           1|
    |add_ln109_fu_890_p2                    |         +|   0|  0|    71|          64|          64|
    |add_ln113_fu_980_p2                    |         +|   0|  0|    38|          31|           1|
    |add_ln153_fu_1104_p2                   |         +|   0|  0|    38|          31|           1|
    |add_ln160_10_fu_2530_p2                |         +|   0|  0|    71|          64|          64|
    |add_ln160_11_fu_2667_p2                |         +|   0|  0|    71|          64|          64|
    |add_ln160_12_fu_2801_p2                |         +|   0|  0|    71|          64|          64|
    |add_ln160_13_fu_1202_p2                |         +|   0|  0|    13|           6|           6|
    |add_ln160_14_fu_1336_p2                |         +|   0|  0|    13|           6|           6|
    |add_ln160_15_fu_1473_p2                |         +|   0|  0|    13|           6|           6|
    |add_ln160_16_fu_1610_p2                |         +|   0|  0|    13|           6|           6|
    |add_ln160_17_fu_1747_p2                |         +|   0|  0|    13|           6|           6|
    |add_ln160_18_fu_1884_p2                |         +|   0|  0|    13|           6|           6|
    |add_ln160_19_fu_2021_p2                |         +|   0|  0|    13|           6|           6|
    |add_ln160_1_fu_1297_p2                 |         +|   0|  0|    71|          64|          64|
    |add_ln160_20_fu_2158_p2                |         +|   0|  0|    13|           6|           6|
    |add_ln160_21_fu_2295_p2                |         +|   0|  0|    13|           6|           6|
    |add_ln160_22_fu_2432_p2                |         +|   0|  0|    13|           6|           6|
    |add_ln160_23_fu_2569_p2                |         +|   0|  0|    13|           6|           6|
    |add_ln160_24_fu_2706_p2                |         +|   0|  0|    13|           6|           6|
    |add_ln160_25_fu_2816_p2                |         +|   0|  0|    13|           6|           6|
    |add_ln160_26_fu_1095_p2                |         +|   0|  0|    38|          31|           1|
    |add_ln160_2_fu_1434_p2                 |         +|   0|  0|    71|          64|          64|
    |add_ln160_3_fu_1571_p2                 |         +|   0|  0|    71|          64|          64|
    |add_ln160_4_fu_1708_p2                 |         +|   0|  0|    71|          64|          64|
    |add_ln160_5_fu_1845_p2                 |         +|   0|  0|    71|          64|          64|
    |add_ln160_6_fu_1982_p2                 |         +|   0|  0|    71|          64|          64|
    |add_ln160_7_fu_2119_p2                 |         +|   0|  0|    71|          64|          64|
    |add_ln160_8_fu_2256_p2                 |         +|   0|  0|    71|          64|          64|
    |add_ln160_9_fu_2393_p2                 |         +|   0|  0|    71|          64|          64|
    |add_ln160_fu_1161_p2                   |         +|   0|  0|    71|          64|          64|
    |add_ln162_10_fu_2625_p2                |         +|   0|  0|    39|          32|           1|
    |add_ln162_11_fu_2762_p2                |         +|   0|  0|    39|          32|           1|
    |add_ln162_12_fu_2891_p2                |         +|   0|  0|    39|          32|           1|
    |add_ln162_1_fu_1392_p2                 |         +|   0|  0|    39|          32|           1|
    |add_ln162_2_fu_1529_p2                 |         +|   0|  0|    39|          32|           1|
    |add_ln162_3_fu_1666_p2                 |         +|   0|  0|    39|          32|           1|
    |add_ln162_4_fu_1803_p2                 |         +|   0|  0|    39|          32|           1|
    |add_ln162_5_fu_1940_p2                 |         +|   0|  0|    39|          32|           1|
    |add_ln162_6_fu_2077_p2                 |         +|   0|  0|    39|          32|           1|
    |add_ln162_7_fu_2214_p2                 |         +|   0|  0|    39|          32|           1|
    |add_ln162_8_fu_2351_p2                 |         +|   0|  0|    39|          32|           1|
    |add_ln162_9_fu_2488_p2                 |         +|   0|  0|    39|          32|           1|
    |add_ln162_fu_1258_p2                   |         +|   0|  0|    39|          32|           1|
    |add_ln165_10_fu_2636_p2                |         +|   0|  0|    39|          32|           1|
    |add_ln165_11_fu_2773_p2                |         +|   0|  0|    39|          32|           1|
    |add_ln165_12_fu_2902_p2                |         +|   0|  0|    39|          32|           1|
    |add_ln165_1_fu_1403_p2                 |         +|   0|  0|    39|          32|           1|
    |add_ln165_2_fu_1540_p2                 |         +|   0|  0|    39|          32|           1|
    |add_ln165_3_fu_1677_p2                 |         +|   0|  0|    39|          32|           1|
    |add_ln165_4_fu_1814_p2                 |         +|   0|  0|    39|          32|           1|
    |add_ln165_5_fu_1951_p2                 |         +|   0|  0|    39|          32|           1|
    |add_ln165_6_fu_2088_p2                 |         +|   0|  0|    39|          32|           1|
    |add_ln165_7_fu_2225_p2                 |         +|   0|  0|    39|          32|           1|
    |add_ln165_8_fu_2362_p2                 |         +|   0|  0|    39|          32|           1|
    |add_ln165_9_fu_2499_p2                 |         +|   0|  0|    39|          32|           1|
    |dict_size_1_fu_1032_p2                 |         +|   0|  0|    39|          32|           1|
    |empty_27_fu_1073_p2                    |         +|   0|  0|    15|           8|           1|
    |grp_fu_766_p2                          |         +|   0|  0|    39|          32|           1|
    |grp_fu_777_p2                          |         +|   0|  0|    39|          32|           1|
    |i_1_fu_799_p2                          |         +|   0|  0|    16|           9|           1|
    |sub_ln160_10_fu_2555_p2                |         -|   0|  0|    39|           3|          32|
    |sub_ln160_11_fu_2692_p2                |         -|   0|  0|    39|           3|          32|
    |sub_ln160_12_fu_2831_p2                |         -|   0|  0|    39|           3|          32|
    |sub_ln160_1_fu_1322_p2                 |         -|   0|  0|    39|           3|          32|
    |sub_ln160_2_fu_1459_p2                 |         -|   0|  0|    39|           3|          32|
    |sub_ln160_3_fu_1596_p2                 |         -|   0|  0|    39|           3|          32|
    |sub_ln160_4_fu_1733_p2                 |         -|   0|  0|    39|           3|          32|
    |sub_ln160_5_fu_1870_p2                 |         -|   0|  0|    39|           3|          32|
    |sub_ln160_6_fu_2007_p2                 |         -|   0|  0|    39|           3|          32|
    |sub_ln160_7_fu_2144_p2                 |         -|   0|  0|    39|           3|          32|
    |sub_ln160_8_fu_2281_p2                 |         -|   0|  0|    39|           3|          32|
    |sub_ln160_9_fu_2418_p2                 |         -|   0|  0|    39|           3|          32|
    |sub_ln160_fu_1186_p2                   |         -|   0|  0|    39|           3|          32|
    |ap_block_pp2_stage0_11001              |       and|   0|  0|     2|           1|           1|
    |ap_block_state1072                     |       and|   0|  0|     2|           1|           1|
    |ap_block_state1213                     |       and|   0|  0|     2|           1|           1|
    |ap_block_state1354                     |       and|   0|  0|     2|           1|           1|
    |ap_block_state1495                     |       and|   0|  0|     2|           1|           1|
    |ap_block_state156_io                   |       and|   0|  0|     2|           1|           1|
    |ap_block_state1636                     |       and|   0|  0|     2|           1|           1|
    |ap_block_state1777                     |       and|   0|  0|     2|           1|           1|
    |ap_block_state1918                     |       and|   0|  0|     2|           1|           1|
    |ap_block_state2059                     |       and|   0|  0|     2|           1|           1|
    |ap_block_state2128                     |       and|   0|  0|     2|           1|           1|
    |ap_block_state225_io                   |       and|   0|  0|     2|           1|           1|
    |ap_block_state367                      |       and|   0|  0|     2|           1|           1|
    |ap_block_state508                      |       and|   0|  0|     2|           1|           1|
    |ap_block_state649                      |       and|   0|  0|     2|           1|           1|
    |ap_block_state790                      |       and|   0|  0|     2|           1|           1|
    |ap_block_state931                      |       and|   0|  0|     2|           1|           1|
    |exitcond359_fu_1079_p2                 |      icmp|   0|  0|    11|           8|           9|
    |icmp_ln108_fu_881_p2                   |      icmp|   0|  0|    29|          64|          64|
    |icmp_ln113_1_fu_974_p2                 |      icmp|   0|  0|    20|          32|          32|
    |icmp_ln113_fu_954_p2                   |      icmp|   0|  0|    20|          32|           1|
    |icmp_ln114_1_fu_996_p2                 |      icmp|   0|  0|    11|           8|           8|
    |icmp_ln114_fu_991_p2                   |      icmp|   0|  0|    20|          32|          32|
    |icmp_ln130_fu_1020_p2                  |      icmp|   0|  0|    14|          19|           1|
    |icmp_ln153_1_fu_1110_p2                |      icmp|   0|  0|    19|          31|          31|
    |icmp_ln153_fu_1089_p2                  |      icmp|   0|  0|    20|          32|           1|
    |icmp_ln163_10_fu_2630_p2               |      icmp|   0|  0|    20|          32|           4|
    |icmp_ln163_11_fu_2767_p2               |      icmp|   0|  0|    20|          32|           4|
    |icmp_ln163_12_fu_2896_p2               |      icmp|   0|  0|    20|          32|           4|
    |icmp_ln163_1_fu_1397_p2                |      icmp|   0|  0|    20|          32|           4|
    |icmp_ln163_2_fu_1534_p2                |      icmp|   0|  0|    20|          32|           4|
    |icmp_ln163_3_fu_1671_p2                |      icmp|   0|  0|    20|          32|           4|
    |icmp_ln163_4_fu_1808_p2                |      icmp|   0|  0|    20|          32|           4|
    |icmp_ln163_5_fu_1945_p2                |      icmp|   0|  0|    20|          32|           4|
    |icmp_ln163_6_fu_2082_p2                |      icmp|   0|  0|    20|          32|           4|
    |icmp_ln163_7_fu_2219_p2                |      icmp|   0|  0|    20|          32|           4|
    |icmp_ln163_8_fu_2356_p2                |      icmp|   0|  0|    20|          32|           4|
    |icmp_ln163_9_fu_2493_p2                |      icmp|   0|  0|    20|          32|           4|
    |icmp_ln163_fu_1264_p2                  |      icmp|   0|  0|    20|          32|           4|
    |icmp_ln174_fu_1120_p2                  |      icmp|   0|  0|    20|          32|           1|
    |icmp_ln88_fu_793_p2                    |      icmp|   0|  0|    20|          32|           1|
    |icmp_ln95_fu_805_p2                    |      icmp|   0|  0|    11|           9|          10|
    |lshr_ln109_fu_941_p2                   |      lshr|   0|  0|  2171|         512|         512|
    |lshr_ln160_10_fu_2586_p2               |      lshr|   0|  0|  2171|         512|         512|
    |lshr_ln160_11_fu_2723_p2               |      lshr|   0|  0|  2171|         512|         512|
    |lshr_ln160_12_fu_2853_p2               |      lshr|   0|  0|  2171|         512|         512|
    |lshr_ln160_1_fu_1353_p2                |      lshr|   0|  0|  2171|         512|         512|
    |lshr_ln160_2_fu_1490_p2                |      lshr|   0|  0|  2171|         512|         512|
    |lshr_ln160_3_fu_1627_p2                |      lshr|   0|  0|  2171|         512|         512|
    |lshr_ln160_4_fu_1764_p2                |      lshr|   0|  0|  2171|         512|         512|
    |lshr_ln160_5_fu_1901_p2                |      lshr|   0|  0|  2171|         512|         512|
    |lshr_ln160_6_fu_2038_p2                |      lshr|   0|  0|  2171|         512|         512|
    |lshr_ln160_7_fu_2175_p2                |      lshr|   0|  0|  2171|         512|         512|
    |lshr_ln160_8_fu_2312_p2                |      lshr|   0|  0|  2171|         512|         512|
    |lshr_ln160_9_fu_2449_p2                |      lshr|   0|  0|  2171|         512|         512|
    |lshr_ln160_fu_1219_p2                  |      lshr|   0|  0|  2171|         512|         512|
    |ap_block_state1                        |        or|   0|  0|     2|           1|           1|
    |ap_predicate_op2578_writereq_state225  |        or|   0|  0|     2|           1|           1|
    |or_ln160_10_fu_2599_p2                 |        or|   0|  0|     8|           8|           8|
    |or_ln160_11_fu_2736_p2                 |        or|   0|  0|     8|           8|           8|
    |or_ln160_12_fu_2866_p2                 |        or|   0|  0|     8|           8|           8|
    |or_ln160_1_fu_1366_p2                  |        or|   0|  0|     8|           8|           8|
    |or_ln160_2_fu_1503_p2                  |        or|   0|  0|     8|           8|           8|
    |or_ln160_3_fu_1640_p2                  |        or|   0|  0|     8|           8|           8|
    |or_ln160_4_fu_1777_p2                  |        or|   0|  0|     8|           8|           8|
    |or_ln160_5_fu_1914_p2                  |        or|   0|  0|     8|           8|           8|
    |or_ln160_6_fu_2051_p2                  |        or|   0|  0|     8|           8|           8|
    |or_ln160_7_fu_2188_p2                  |        or|   0|  0|     8|           8|           8|
    |or_ln160_8_fu_2325_p2                  |        or|   0|  0|     8|           8|           8|
    |or_ln160_9_fu_2462_p2                  |        or|   0|  0|     8|           8|           8|
    |or_ln160_fu_1232_p2                    |        or|   0|  0|     8|           8|           8|
    |select_ln163_10_fu_1956_p3             |    select|   0|  0|    32|           1|           1|
    |select_ln163_11_fu_1964_p3             |    select|   0|  0|    32|           1|          32|
    |select_ln163_12_fu_2093_p3             |    select|   0|  0|    32|           1|           1|
    |select_ln163_13_fu_2101_p3             |    select|   0|  0|    32|           1|          32|
    |select_ln163_14_fu_2230_p3             |    select|   0|  0|    32|           1|           1|
    |select_ln163_15_fu_2238_p3             |    select|   0|  0|    32|           1|          32|
    |select_ln163_16_fu_2367_p3             |    select|   0|  0|    32|           1|           1|
    |select_ln163_17_fu_2375_p3             |    select|   0|  0|    32|           1|          32|
    |select_ln163_18_fu_2504_p3             |    select|   0|  0|    32|           1|           1|
    |select_ln163_19_fu_2512_p3             |    select|   0|  0|    32|           1|          32|
    |select_ln163_1_fu_1278_p3              |    select|   0|  0|    32|           1|          32|
    |select_ln163_20_fu_2641_p3             |    select|   0|  0|    32|           1|           1|
    |select_ln163_21_fu_2649_p3             |    select|   0|  0|    32|           1|          32|
    |select_ln163_22_fu_2778_p3             |    select|   0|  0|    32|           1|           1|
    |select_ln163_23_fu_2786_p3             |    select|   0|  0|    32|           1|          32|
    |select_ln163_24_fu_2907_p3             |    select|   0|  0|    32|           1|           1|
    |select_ln163_25_fu_2915_p3             |    select|   0|  0|    32|           1|          32|
    |select_ln163_2_fu_1408_p3              |    select|   0|  0|    32|           1|           1|
    |select_ln163_3_fu_1416_p3              |    select|   0|  0|    32|           1|          32|
    |select_ln163_4_fu_1545_p3              |    select|   0|  0|    32|           1|           1|
    |select_ln163_5_fu_1553_p3              |    select|   0|  0|    32|           1|          32|
    |select_ln163_6_fu_1682_p3              |    select|   0|  0|    32|           1|           1|
    |select_ln163_7_fu_1690_p3              |    select|   0|  0|    32|           1|          32|
    |select_ln163_8_fu_1819_p3              |    select|   0|  0|    32|           1|           1|
    |select_ln163_9_fu_1827_p3              |    select|   0|  0|    32|           1|          32|
    |select_ln163_fu_1270_p3                |    select|   0|  0|    32|           1|           1|
    |select_ln174_fu_1126_p3                |    select|   0|  0|    32|           1|          32|
    |shl_ln160_10_fu_2560_p2                |       shl|   0|  0|   100|           1|          32|
    |shl_ln160_11_fu_2697_p2                |       shl|   0|  0|   100|           1|          32|
    |shl_ln160_12_fu_2836_p2                |       shl|   0|  0|   100|           1|          32|
    |shl_ln160_13_fu_1327_p2                |       shl|   0|  0|   100|           1|          32|
    |shl_ln160_14_fu_1380_p2                |       shl|   0|  0|   179|           1|          64|
    |shl_ln160_15_fu_1386_p2                |       shl|   0|  0|  2171|         512|         512|
    |shl_ln160_16_fu_1464_p2                |       shl|   0|  0|   100|           1|          32|
    |shl_ln160_18_fu_1517_p2                |       shl|   0|  0|   179|           1|          64|
    |shl_ln160_19_fu_1523_p2                |       shl|   0|  0|  2171|         512|         512|
    |shl_ln160_20_fu_1601_p2                |       shl|   0|  0|   100|           1|          32|
    |shl_ln160_22_fu_1654_p2                |       shl|   0|  0|   179|           1|          64|
    |shl_ln160_23_fu_1660_p2                |       shl|   0|  0|  2171|         512|         512|
    |shl_ln160_25_fu_1791_p2                |       shl|   0|  0|   179|           1|          64|
    |shl_ln160_26_fu_1797_p2                |       shl|   0|  0|  2171|         512|         512|
    |shl_ln160_28_fu_1928_p2                |       shl|   0|  0|   179|           1|          64|
    |shl_ln160_29_fu_1934_p2                |       shl|   0|  0|  2171|         512|         512|
    |shl_ln160_2_fu_1246_p2                 |       shl|   0|  0|   179|           1|          64|
    |shl_ln160_31_fu_2065_p2                |       shl|   0|  0|   179|           1|          64|
    |shl_ln160_32_fu_2071_p2                |       shl|   0|  0|  2171|         512|         512|
    |shl_ln160_34_fu_2202_p2                |       shl|   0|  0|   179|           1|          64|
    |shl_ln160_35_fu_2208_p2                |       shl|   0|  0|  2171|         512|         512|
    |shl_ln160_37_fu_2339_p2                |       shl|   0|  0|   179|           1|          64|
    |shl_ln160_38_fu_2345_p2                |       shl|   0|  0|  2171|         512|         512|
    |shl_ln160_3_fu_1252_p2                 |       shl|   0|  0|  2171|         512|         512|
    |shl_ln160_40_fu_2476_p2                |       shl|   0|  0|   179|           1|          64|
    |shl_ln160_41_fu_2482_p2                |       shl|   0|  0|  2171|         512|         512|
    |shl_ln160_43_fu_2613_p2                |       shl|   0|  0|   179|           1|          64|
    |shl_ln160_44_fu_2619_p2                |       shl|   0|  0|  2171|         512|         512|
    |shl_ln160_46_fu_2750_p2                |       shl|   0|  0|   179|           1|          64|
    |shl_ln160_47_fu_2756_p2                |       shl|   0|  0|  2171|         512|         512|
    |shl_ln160_49_fu_2879_p2                |       shl|   0|  0|   179|           1|          64|
    |shl_ln160_4_fu_1738_p2                 |       shl|   0|  0|   100|           1|          32|
    |shl_ln160_50_fu_2885_p2                |       shl|   0|  0|  2171|         512|         512|
    |shl_ln160_5_fu_1875_p2                 |       shl|   0|  0|   100|           1|          32|
    |shl_ln160_6_fu_2012_p2                 |       shl|   0|  0|   100|           1|          32|
    |shl_ln160_7_fu_2149_p2                 |       shl|   0|  0|   100|           1|          32|
    |shl_ln160_8_fu_2286_p2                 |       shl|   0|  0|   100|           1|          32|
    |shl_ln160_9_fu_2423_p2                 |       shl|   0|  0|   100|           1|          32|
    |shl_ln160_fu_1192_p2                   |       shl|   0|  0|   100|           1|          32|
    |ap_enable_pp2                          |       xor|   0|  0|     2|           1|           2|
    |ap_enable_reg_pp2_iter1                |       xor|   0|  0|     2|           2|           1|
    +---------------------------------------+----------+----+---+------+------------+------------+
    |Total                                  |          |   0|  0| 66773|       16878|       17335|
    +---------------------------------------+----------+----+---+------+------------+------------+

    * Multiplexer: 
    +----------------------------+------+-----------+-----+-----------+
    |            Name            |  LUT | Input Size| Bits| Total Bits|
    +----------------------------+------+-----------+-----+-----------+
    |ap_NS_fsm                   |  2693|       2198|    1|       2198|
    |ap_done                     |     9|          2|    1|          2|
    |ap_enable_reg_pp2_iter1     |    14|          3|    1|          3|
    |bit_pos_reg_737             |     9|          2|   32|         64|
    |byte_pos_1_reg_749          |     9|          2|   32|         64|
    |byte_pos_reg_725            |     9|          2|   32|         64|
    |code_count_1_fu_184         |     9|          2|   32|         64|
    |codes_address0              |    26|          5|   14|         70|
    |codes_d0                    |    20|          4|   13|         52|
    |current_1_reg_689           |     9|          2|   31|         62|
    |current_2_reg_667           |     9|          2|   31|         62|
    |dict_size_fu_180            |     9|          2|   32|         64|
    |dictionary_byte_address0    |    20|          4|   16|         64|
    |dictionary_byte_d0          |    14|          3|    8|         24|
    |dictionary_prefix_address0  |    20|          4|   16|         64|
    |dictionary_prefix_d0        |    14|          3|   32|         96|
    |empty_26_reg_703            |     9|          2|    8|         16|
    |found_reg_677               |     9|          2|   31|         62|
    |gmem_ARADDR                 |    65|         16|   64|       1024|
    |gmem_AWADDR                 |    81|         17|   64|       1088|
    |gmem_AWLEN                  |    14|          3|   32|         96|
    |gmem_WDATA                  |    65|         16|  512|       8192|
    |gmem_WSTRB                  |    65|         16|   64|       1024|
    |gmem_blk_n_AR               |     9|          2|    1|          2|
    |gmem_blk_n_AW               |     9|          2|    1|          2|
    |gmem_blk_n_B                |     9|          2|    1|          2|
    |gmem_blk_n_R                |     9|          2|    1|          2|
    |gmem_blk_n_W                |     9|          2|    1|          2|
    |grp_fu_777_p0               |    14|          3|   32|         96|
    |i_2_reg_714                 |     9|          2|   31|         62|
    |i_reg_645                   |     9|          2|    9|         18|
    |indvar_reg_656              |     9|          2|   64|        128|
    +----------------------------+------+-----------+-----+-----------+
    |Total                       |  3287|       2331| 1240|      14833|
    +----------------------------+------+-----------+-----+-----------+

    * Register: 
    +----------------------------+------+----+------+-----------+
    |            Name            |  FF  | LUT| Bits | Const Bits|
    +----------------------------+------+----+------+-----------+
    |add_ln109_1_reg_3026        |    64|   0|    64|          0|
    |add_ln109_2_reg_3039        |     6|   0|     6|          0|
    |add_ln113_reg_3086          |    31|   0|    31|          0|
    |add_ln153_reg_3157          |    31|   0|    31|          0|
    |add_ln160_25_reg_3732       |     6|   0|     6|          0|
    |add_ln160_26_reg_3135       |    31|   0|    31|          0|
    |ap_CS_fsm                   |  2197|   0|  2197|          0|
    |ap_done_reg                 |     1|   0|     1|          0|
    |ap_enable_reg_pp2_iter0     |     1|   0|     1|          0|
    |ap_enable_reg_pp2_iter1     |     1|   0|     1|          0|
    |ap_rst_n_inv                |     1|   0|     1|          0|
    |ap_rst_reg_1                |     1|   0|     1|          0|
    |ap_rst_reg_2                |     1|   0|     1|          0|
    |bit_pos_reg_737             |    32|   0|    32|          0|
    |byte_pos_1_reg_749          |    32|   0|    32|          0|
    |byte_pos_reg_725            |    32|   0|    32|          0|
    |code_count_1_fu_184         |    32|   0|    32|          0|
    |code_reg_3181               |    13|   0|    13|          0|
    |current_1_reg_689           |    31|   0|    31|          0|
    |current_2_reg_667           |    31|   0|    31|          0|
    |current_reg_3006            |     8|   0|     8|          0|
    |dict_size_fu_180            |    32|   0|    32|          0|
    |dict_size_load_1_reg_3077   |    32|   0|    32|          0|
    |empty_26_reg_703            |     8|   0|     8|          0|
    |exitcond359_reg_3127        |     1|   0|     1|          0|
    |found_cast_reg_3091         |    31|   0|    64|         33|
    |found_reg_677               |    31|   0|    31|          0|
    |gmem_addr_10_read_reg_3436  |   512|   0|   512|          0|
    |gmem_addr_10_reg_3429       |    64|   0|    64|          0|
    |gmem_addr_11_read_reg_3480  |   512|   0|   512|          0|
    |gmem_addr_11_reg_3473       |    64|   0|    64|          0|
    |gmem_addr_12_read_reg_3524  |   512|   0|   512|          0|
    |gmem_addr_12_reg_3517       |    64|   0|    64|          0|
    |gmem_addr_13_read_reg_3568  |   512|   0|   512|          0|
    |gmem_addr_13_reg_3561       |    64|   0|    64|          0|
    |gmem_addr_14_read_reg_3612  |   512|   0|   512|          0|
    |gmem_addr_14_reg_3605       |    64|   0|    64|          0|
    |gmem_addr_15_read_reg_3656  |   512|   0|   512|          0|
    |gmem_addr_15_reg_3649       |    64|   0|    64|          0|
    |gmem_addr_16_read_reg_3700  |   512|   0|   512|          0|
    |gmem_addr_16_reg_3693       |    64|   0|    64|          0|
    |gmem_addr_17_read_reg_3745  |   512|   0|   512|          0|
    |gmem_addr_17_reg_3738       |    64|   0|    64|          0|
    |gmem_addr_2_read_reg_3050   |   512|   0|   512|          0|
    |gmem_addr_5_read_reg_3216   |   512|   0|   512|          0|
    |gmem_addr_5_reg_3209        |    64|   0|    64|          0|
    |gmem_addr_6_read_reg_3260   |   512|   0|   512|          0|
    |gmem_addr_6_reg_3253        |    64|   0|    64|          0|
    |gmem_addr_7_read_reg_3304   |   512|   0|   512|          0|
    |gmem_addr_7_reg_3297        |    64|   0|    64|          0|
    |gmem_addr_8_read_reg_3348   |   512|   0|   512|          0|
    |gmem_addr_8_reg_3341        |    64|   0|    64|          0|
    |gmem_addr_9_read_reg_3392   |   512|   0|   512|          0|
    |gmem_addr_9_reg_3385        |    64|   0|    64|          0|
    |i_2_reg_714                 |    31|   0|    31|          0|
    |i_reg_645                   |     9|   0|     9|          0|
    |icmp_ln113_1_reg_3082       |     1|   0|     1|          0|
    |icmp_ln113_reg_3073         |     1|   0|     1|          0|
    |icmp_ln114_reg_3101         |     1|   0|     1|          0|
    |icmp_ln153_reg_3131         |     1|   0|     1|          0|
    |icmp_ln88_reg_2974          |     1|   0|     1|          0|
    |indvar_reg_656              |    64|   0|    64|          0|
    |next_byte_reg_3061          |     8|   0|     8|          0|
    |select_ln163_10_reg_3451    |    32|   0|    32|          0|
    |select_ln163_11_reg_3457    |    32|   0|    32|          0|
    |select_ln163_12_reg_3495    |    32|   0|    32|          0|
    |select_ln163_13_reg_3501    |    32|   0|    32|          0|
    |select_ln163_14_reg_3539    |    32|   0|    32|          0|
    |select_ln163_15_reg_3545    |    32|   0|    32|          0|
    |select_ln163_16_reg_3583    |    32|   0|    32|          0|
    |select_ln163_17_reg_3589    |    32|   0|    32|          0|
    |select_ln163_18_reg_3627    |    32|   0|    32|          0|
    |select_ln163_19_reg_3633    |    32|   0|    32|          0|
    |select_ln163_1_reg_3237     |    32|   0|    32|          0|
    |select_ln163_20_reg_3671    |    32|   0|    32|          0|
    |select_ln163_21_reg_3677    |    32|   0|    32|          0|
    |select_ln163_22_reg_3715    |    32|   0|    32|          0|
    |select_ln163_23_reg_3721    |    32|   0|    32|          0|
    |select_ln163_2_reg_3275     |    32|   0|    32|          0|
    |select_ln163_3_reg_3281     |    32|   0|    32|          0|
    |select_ln163_4_reg_3319     |    32|   0|    32|          0|
    |select_ln163_5_reg_3325     |    32|   0|    32|          0|
    |select_ln163_6_reg_3363     |    32|   0|    32|          0|
    |select_ln163_7_reg_3369     |    32|   0|    32|          0|
    |select_ln163_8_reg_3407     |    32|   0|    32|          0|
    |select_ln163_9_reg_3413     |    32|   0|    32|          0|
    |select_ln163_reg_3231       |    32|   0|    32|          0|
    |sext_ln108_reg_3016         |    64|   0|    64|          0|
    |shl_ln160_14_reg_3265       |    64|   0|    64|          0|
    |shl_ln160_15_reg_3270       |   512|   0|   512|          0|
    |shl_ln160_18_reg_3309       |    64|   0|    64|          0|
    |shl_ln160_19_reg_3314       |   512|   0|   512|          0|
    |shl_ln160_22_reg_3353       |    64|   0|    64|          0|
    |shl_ln160_23_reg_3358       |   512|   0|   512|          0|
    |shl_ln160_25_reg_3397       |    64|   0|    64|          0|
    |shl_ln160_26_reg_3402       |   512|   0|   512|          0|
    |shl_ln160_28_reg_3441       |    64|   0|    64|          0|
    |shl_ln160_29_reg_3446       |   512|   0|   512|          0|
    |shl_ln160_2_reg_3221        |    64|   0|    64|          0|
    |shl_ln160_31_reg_3485       |    64|   0|    64|          0|
    |shl_ln160_32_reg_3490       |   512|   0|   512|          0|
    |shl_ln160_34_reg_3529       |    64|   0|    64|          0|
    |shl_ln160_35_reg_3534       |   512|   0|   512|          0|
    |shl_ln160_37_reg_3573       |    64|   0|    64|          0|
    |shl_ln160_38_reg_3578       |   512|   0|   512|          0|
    |shl_ln160_3_reg_3226        |   512|   0|   512|          0|
    |shl_ln160_40_reg_3617       |    64|   0|    64|          0|
    |shl_ln160_41_reg_3622       |   512|   0|   512|          0|
    |shl_ln160_43_reg_3661       |    64|   0|    64|          0|
    |shl_ln160_44_reg_3666       |   512|   0|   512|          0|
    |shl_ln160_46_reg_3705       |    64|   0|    64|          0|
    |shl_ln160_47_reg_3710       |   512|   0|   512|          0|
    |shl_ln160_49_reg_3750       |    64|   0|    64|          0|
    |shl_ln160_50_reg_3755       |   512|   0|   512|          0|
    |tmp_10_reg_3596             |     1|   0|     1|          0|
    |tmp_11_reg_3640             |     1|   0|     1|          0|
    |tmp_12_reg_3684             |     1|   0|     1|          0|
    |tmp_1_reg_3200              |     1|   0|     1|          0|
    |tmp_2_reg_3244              |     1|   0|     1|          0|
    |tmp_3_reg_3288              |     1|   0|     1|          0|
    |tmp_4_reg_3332              |     1|   0|     1|          0|
    |tmp_5_reg_3376              |     1|   0|     1|          0|
    |tmp_6_reg_3420              |     1|   0|     1|          0|
    |tmp_7_reg_3464              |     1|   0|     1|          0|
    |tmp_8_reg_3508              |     1|   0|     1|          0|
    |tmp_9_reg_3552              |     1|   0|     1|          0|
    |trunc_ln108_reg_3021        |     6|   0|     6|          0|
    |trunc_ln109_1_reg_3034      |    58|   0|    58|          0|
    |trunc_ln159_reg_3196        |     1|   0|     1|          0|
    |trunc_ln160_13_reg_3336     |    58|   0|    58|          0|
    |trunc_ln160_17_reg_3380     |    58|   0|    58|          0|
    |trunc_ln160_21_reg_3424     |    58|   0|    58|          0|
    |trunc_ln160_25_reg_3468     |    58|   0|    58|          0|
    |trunc_ln160_29_reg_3512     |    58|   0|    58|          0|
    |trunc_ln160_2_reg_3204      |    58|   0|    58|          0|
    |trunc_ln160_33_reg_3556     |    58|   0|    58|          0|
    |trunc_ln160_37_reg_3600     |    58|   0|    58|          0|
    |trunc_ln160_41_reg_3644     |    58|   0|    58|          0|
    |trunc_ln160_45_reg_3688     |    58|   0|    58|          0|
    |trunc_ln160_49_reg_3727     |    58|   0|    58|          0|
    |trunc_ln160_6_reg_3248      |    58|   0|    58|          0|
    |trunc_ln160_reg_3140        |     6|   0|     6|          0|
    |trunc_ln160_s_reg_3292      |    58|   0|    58|          0|
    |zext_ln108_1_reg_3055       |    31|   0|    32|          1|
    |zext_ln113_reg_3067         |     8|   0|    31|         23|
    +----------------------------+------+----+------+-----------+
    |Total                       | 20031|   0| 20088|         57|
    +----------------------------+------+----+------+-----------+



================================================================
== Interface
================================================================
* Summary: 
+-----------------------+-----+-----+---------------+--------------+--------------+
|       RTL Ports       | Dir | Bits|    Protocol   | Source Object|    C Type    |
+-----------------------+-----+-----+---------------+--------------+--------------+
|s_axi_control_AWVALID  |   in|    1|          s_axi|       control|        scalar|
|s_axi_control_AWREADY  |  out|    1|          s_axi|       control|        scalar|
|s_axi_control_AWADDR   |   in|    6|          s_axi|       control|        scalar|
|s_axi_control_WVALID   |   in|    1|          s_axi|       control|        scalar|
|s_axi_control_WREADY   |  out|    1|          s_axi|       control|        scalar|
|s_axi_control_WDATA    |   in|   32|          s_axi|       control|        scalar|
|s_axi_control_WSTRB    |   in|    4|          s_axi|       control|        scalar|
|s_axi_control_ARVALID  |   in|    1|          s_axi|       control|        scalar|
|s_axi_control_ARREADY  |  out|    1|          s_axi|       control|        scalar|
|s_axi_control_ARADDR   |   in|    6|          s_axi|       control|        scalar|
|s_axi_control_RVALID   |  out|    1|          s_axi|       control|        scalar|
|s_axi_control_RREADY   |   in|    1|          s_axi|       control|        scalar|
|s_axi_control_RDATA    |  out|   32|          s_axi|       control|        scalar|
|s_axi_control_RRESP    |  out|    2|          s_axi|       control|        scalar|
|s_axi_control_BVALID   |  out|    1|          s_axi|       control|        scalar|
|s_axi_control_BREADY   |   in|    1|          s_axi|       control|        scalar|
|s_axi_control_BRESP    |  out|    2|          s_axi|       control|        scalar|
|ap_clk                 |   in|    1|  ap_ctrl_chain|           lzw|  return value|
|ap_rst_n               |   in|    1|  ap_ctrl_chain|           lzw|  return value|
|interrupt              |  out|    1|  ap_ctrl_chain|           lzw|  return value|
|m_axi_gmem_AWVALID     |  out|    1|          m_axi|          gmem|       pointer|
|m_axi_gmem_AWREADY     |   in|    1|          m_axi|          gmem|       pointer|
|m_axi_gmem_AWADDR      |  out|   64|          m_axi|          gmem|       pointer|
|m_axi_gmem_AWID        |  out|    1|          m_axi|          gmem|       pointer|
|m_axi_gmem_AWLEN       |  out|    8|          m_axi|          gmem|       pointer|
|m_axi_gmem_AWSIZE      |  out|    3|          m_axi|          gmem|       pointer|
|m_axi_gmem_AWBURST     |  out|    2|          m_axi|          gmem|       pointer|
|m_axi_gmem_AWLOCK      |  out|    2|          m_axi|          gmem|       pointer|
|m_axi_gmem_AWCACHE     |  out|    4|          m_axi|          gmem|       pointer|
|m_axi_gmem_AWPROT      |  out|    3|          m_axi|          gmem|       pointer|
|m_axi_gmem_AWQOS       |  out|    4|          m_axi|          gmem|       pointer|
|m_axi_gmem_AWREGION    |  out|    4|          m_axi|          gmem|       pointer|
|m_axi_gmem_AWUSER      |  out|    1|          m_axi|          gmem|       pointer|
|m_axi_gmem_WVALID      |  out|    1|          m_axi|          gmem|       pointer|
|m_axi_gmem_WREADY      |   in|    1|          m_axi|          gmem|       pointer|
|m_axi_gmem_WDATA       |  out|  512|          m_axi|          gmem|       pointer|
|m_axi_gmem_WSTRB       |  out|   64|          m_axi|          gmem|       pointer|
|m_axi_gmem_WLAST       |  out|    1|          m_axi|          gmem|       pointer|
|m_axi_gmem_WID         |  out|    1|          m_axi|          gmem|       pointer|
|m_axi_gmem_WUSER       |  out|    1|          m_axi|          gmem|       pointer|
|m_axi_gmem_ARVALID     |  out|    1|          m_axi|          gmem|       pointer|
|m_axi_gmem_ARREADY     |   in|    1|          m_axi|          gmem|       pointer|
|m_axi_gmem_ARADDR      |  out|   64|          m_axi|          gmem|       pointer|
|m_axi_gmem_ARID        |  out|    1|          m_axi|          gmem|       pointer|
|m_axi_gmem_ARLEN       |  out|    8|          m_axi|          gmem|       pointer|
|m_axi_gmem_ARSIZE      |  out|    3|          m_axi|          gmem|       pointer|
|m_axi_gmem_ARBURST     |  out|    2|          m_axi|          gmem|       pointer|
|m_axi_gmem_ARLOCK      |  out|    2|          m_axi|          gmem|       pointer|
|m_axi_gmem_ARCACHE     |  out|    4|          m_axi|          gmem|       pointer|
|m_axi_gmem_ARPROT      |  out|    3|          m_axi|          gmem|       pointer|
|m_axi_gmem_ARQOS       |  out|    4|          m_axi|          gmem|       pointer|
|m_axi_gmem_ARREGION    |  out|    4|          m_axi|          gmem|       pointer|
|m_axi_gmem_ARUSER      |  out|    1|          m_axi|          gmem|       pointer|
|m_axi_gmem_RVALID      |   in|    1|          m_axi|          gmem|       pointer|
|m_axi_gmem_RREADY      |  out|    1|          m_axi|          gmem|       pointer|
|m_axi_gmem_RDATA       |   in|  512|          m_axi|          gmem|       pointer|
|m_axi_gmem_RLAST       |   in|    1|          m_axi|          gmem|       pointer|
|m_axi_gmem_RID         |   in|    1|          m_axi|          gmem|       pointer|
|m_axi_gmem_RUSER       |   in|    1|          m_axi|          gmem|       pointer|
|m_axi_gmem_RRESP       |   in|    2|          m_axi|          gmem|       pointer|
|m_axi_gmem_BVALID      |   in|    1|          m_axi|          gmem|       pointer|
|m_axi_gmem_BREADY      |  out|    1|          m_axi|          gmem|       pointer|
|m_axi_gmem_BRESP       |   in|    2|          m_axi|          gmem|       pointer|
|m_axi_gmem_BID         |   in|    1|          m_axi|          gmem|       pointer|
|m_axi_gmem_BUSER       |   in|    1|          m_axi|          gmem|       pointer|
+-----------------------+-----+-----+---------------+--------------+--------------+

